
[Registering citizen] citizen_1770727639...
Status: 400 - {'error': 'Phone number already registered'}

[Registering police] police_1770727639...
Status: 201 - {'message': 'User registered successfully'}

[Logging in] citizen_1770727639...
Login Failed: {
  "error": "Invalid credentials"
}

